../Drivers/CMSIS/Include/core_cm4.h:1684:22:__NVIC_EnableIRQ	16	static,ignoring_inline_asm
../Drivers/CMSIS/Include/core_cm4.h:1814:22:__NVIC_SetPriority	16	static
../Core/Src/main.c:64:6:buttonIT	16	static
../Core/Src/main.c:77:6:EXTI0_IRQHandler	8	static
../Core/Src/main.c:90:5:main	8	static
../Core/Src/main.c:137:6:SystemClock_Config	88	static
../Core/Src/main.c:184:13:MX_USART2_UART_Init	8	static
../Core/Src/main.c:217:13:MX_GPIO_Init	48	static
../Core/Src/main.c:263:6:Error_Handler	4	static,ignoring_inline_asm
